
> legal-services-client@1.0.0 build
> tsc -b && vite build

src/pages/admin/AdminAdvocates.tsx(45,45): error TS2339: Property 'getPendingAdvocates' does not exist on type '{ getDashboard: () => Promise<AxiosResponse<any, any, {}>>; getUsers: (params?: any) => Promise<AxiosResponse<any, any, {}>>; updateUserStatus: (userId: string, status: string, reason?: string | undefined) => Promise<...>; ... 5 more ...; resolveComplaint: (complaintId: string, action: string, notes?: string | undef...'.
src/pages/admin/AdminDashboard.tsx(41,26): error TS2339: Property 'getPendingAdvocates' does not exist on type '{ getDashboard: () => Promise<AxiosResponse<any, any, {}>>; getUsers: (params?: any) => Promise<AxiosResponse<any, any, {}>>; updateUserStatus: (userId: string, status: string, reason?: string | undefined) => Promise<...>; ... 5 more ...; resolveComplaint: (complaintId: string, action: string, notes?: string | undef...'.
src/pages/client/CaseList.tsx(119,51): error TS2322: Type '{ urgency: "low" | "medium" | "high" | "critical"; }' is not assignable to type 'IntrinsicAttributes & UrgencyBadgeProps'.
  Property 'urgency' does not exist on type 'IntrinsicAttributes & UrgencyBadgeProps'.
src/pages/client/CaseList.tsx(156,25): error TS2322: Type '"outline"' is not assignable to type '"primary" | "secondary" | "ghost" | "danger" | "success" | undefined'.
src/pages/client/CaseList.tsx(167,25): error TS2322: Type '"outline"' is not assignable to type '"primary" | "secondary" | "ghost" | "danger" | "success" | undefined'.
src/pages/public/LandingPage.tsx(176,84): error TS2353: Object literal may only specify known properties, and ''--delay'' does not exist in type 'Properties<string | number, string & {}>'.
